============================= test session starts =============================
platform win32 -- Python 3.14.0, pytest-9.0.2, pluggy-1.6.0 -- C:\Python314\python.exe
cachedir: .pytest_cache
rootdir: C:\Source\Orket
configfile: pyproject.toml
plugins: anyio-4.12.0, hydra-core-1.3.2, asyncio-1.3.0
asyncio: mode=Mode.AUTO, debug=False, asyncio_default_fixture_loop_scope=None, asyncio_default_test_loop_scope=function
collecting ... collected 1 item

tests/test_model_invocation.py::test_model_invocation FAILED             [100%]

================================== FAILURES ===================================
____________________________ test_model_invocation ____________________________

monkeypatch = <_pytest.monkeypatch.MonkeyPatch object at 0x000002A8C81FA650>
tmp_path = WindowsPath('C:/Users/jonmc/AppData/Local/Temp/pytest-of-jonmc/pytest-105/test_model_invocation0')

    @pytest.mark.asyncio
    async def test_model_invocation(monkeypatch, tmp_path):
        # Setup mock assets
        root = tmp_path
        (root / "config").mkdir()
        (root / "model" / "core" / "epics").mkdir(parents=True)
        (root / "model" / "core" / "roles").mkdir(parents=True)
        (root / "model" / "core" / "dialects").mkdir(parents=True)
        (root / "model" / "core" / "teams").mkdir(parents=True)
        (root / "model" / "core" / "environments").mkdir(parents=True)
    
        (root / "config" / "organization.json").write_text(json.dumps({
            "name": "Test Rail", "vision": "T", "ethos": "T", "branding": {"design_dos": []},
            "architecture": {"cicd_rules": [], "preferred_stack": {}}, "departments": ["core"]
        }))
        for d in ["qwen", "llama3", "deepseek-r1", "phi", "generic"]:
            (root / "model" / "core" / "dialects" / f"{d}.json").write_text(json.dumps({
                "model_family": d, "dsl_format": "JSON", "constraints": [], "hallucination_guard": "N"
            }))
        (root / "model" / "core" / "roles" / "lead_architect.json").write_text(json.dumps({
            "id": "ARCH", "summary": "lead_architect", "type": "utility", "description": "D", "prompt": "P", "tools": []
        }))
        (root / "model" / "core" / "teams" / "standard.json").write_text(json.dumps({
            "name": "standard", "seats": {"lead_architect": {"name": "L", "roles": ["lead_architect"]}}
        }))
        (root / "model" / "core" / "environments" / "standard.json").write_text(json.dumps({
            "name": "S", "model": "dummy", "temperature": 0.1
        }))
        (root / "model" / "core" / "epics" / "test_epic.json").write_text(json.dumps({
            "id": "E1", "name": "Test", "type": "epic", "team": "standard", "environment": "standard",
            "description": "Test description", "issues": [{"id": "I1", "summary": "Task 1", "seat": "lead_architect"}]
        }))
    
        dummy = DummyProvider()
    
        def mock_provider_init(self, *args, **kwargs):
            self.model = "dummy"
    
        monkeypatch.setattr(LocalModelProvider, "__init__", mock_provider_init)
        monkeypatch.setattr(LocalModelProvider, "complete", dummy.complete)
    
        workspace = tmp_path / "session"
        workspace.mkdir()
        db_path = str(tmp_path / "test.db")
    
        engine = OrchestrationEngine(workspace, department="core", db_path=db_path, config_root=root)
>       await engine.run_card("test_epic")

tests\test_model_invocation.py:66: 
_ _ _ _ _ _ _ _ _ _ _ _ _ _ _ _ _ _ _ _ _ _ _ _ _ _ _ _ _ _ _ _ _ _ _ _ _ _ _ _
orket\orchestration\engine.py:69: in run_card
    return await self._pipeline.run_card(
orket\orket.py:150: in run_card
    return await self.run_epic(card_id, **kwargs)
           ^^^^^^^^^^^^^^^^^^^^^^^^^^^^^^^^^^^^^^
orket\orket.py:197: in run_epic
    await self.async_cards.save(card_data)
_ _ _ _ _ _ _ _ _ _ _ _ _ _ _ _ _ _ _ _ _ _ _ _ _ _ _ _ _ _ _ _ _ _ _ _ _ _ _ _

self = <orket.infrastructure.async_card_repository.AsyncCardRepository object at 0x000002A8C82B1BE0>
record = {'assignee': None, 'build_id': 'build-test_epic', 'depends_on': [], 'description': None, ...}

    async def save(self, record: IssueRecord | Dict[str, Any]) -> None:
        """
        Save or update a card.
    
        Args:
            record: IssueRecord or dict to save
        """
        await self._ensure_initialized()
    
        if isinstance(record, dict):
            # For backward compatibility during migration
>           record = IssueRecord.model_validate(record)
                     ^^^^^^^^^^^^^^^^^^^^^^^^^^^^^^^^^^
E           pydantic_core._pydantic_core.ValidationError: 1 validation error for IssueRecord
E           summary
E             Field required [type=missing, input_value={'id': 'I1', 'name': 'Tas...session_id': '905ac159'}, input_type=dict]
E               For further information visit https://errors.pydantic.dev/2.12/v/missing

orket\infrastructure\async_card_repository.py:153: ValidationError
=========================== short test summary info ===========================
FAILED tests/test_model_invocation.py::test_model_invocation - pydantic_core._pydantic_core.ValidationError: 1 validation error for IssueRecord
summary
  Field required [type=missing, input_value={'id': 'I1', 'name': 'Tas...session_id': '905ac159'}, input_type=dict]
    For further information visit https://errors.pydantic.dev/2.12/v/missing
============================== 1 failed in 0.62s ==============================
