INFO:     Started server process [23364]
INFO:     Waiting for application startup.
INFO:     Application startup complete.
INFO:     127.0.0.1:50707 - "WebSocket /ws/interactions/ddff7918-002c-4bab-adab-a881b0a6324d" [accepted]
INFO:     connection open
INFO:     Shutting down
INFO:     Waiting for application shutdown.
INFO:     Application shutdown complete.
INFO:     Finished server process [23364]
Traceback (most recent call last):
  File "C:\Source\Orket\.tmp\prr_journey.py", line 177, in <module>
    asyncio.run(main())
  File "C:\Users\jonmc\AppData\Roaming\uv\python\cpython-3.11.14-windows-x86_64-none\Lib\asyncio\runners.py", line 190, in run
    return runner.run(main)
           ^^^^^^^^^^^^^^^^
  File "C:\Users\jonmc\AppData\Roaming\uv\python\cpython-3.11.14-windows-x86_64-none\Lib\asyncio\runners.py", line 118, in run
    return self._loop.run_until_complete(task)
           ^^^^^^^^^^^^^^^^^^^^^^^^^^^^^^^^^^^
  File "C:\Users\jonmc\AppData\Roaming\uv\python\cpython-3.11.14-windows-x86_64-none\Lib\asyncio\base_events.py", line 654, in run_until_complete
    return future.result()
           ^^^^^^^^^^^^^^^
  File "C:\Source\Orket\.tmp\prr_journey.py", line 158, in main
    await parse_live_row(row, bool(prefix))
  File "C:\Source\Orket\.tmp\prr_journey.py", line 101, in parse_live_row
    diagnostics = ContractValidator().hallucination_scope_diagnostics(parsed,
                  ^^^^^^^^^^^^^^^^^^^
TypeError: ContractValidator.__init__() missing 1 required positional argument: 'response_parser'
