.ssssssssss.s........................................................... [  1%]
........................................................................ [  3%]
........................................................................ [  4%]
........................................................................ [  6%]
........................................................................ [  7%]
........................................................................ [  9%]
........................................................................ [ 10%]
........................................................................ [ 12%]
........................................................................ [ 13%]
........................................................................ [ 15%]
........................................................................ [ 16%]
........................................................................ [ 18%]
........................................................................ [ 19%]
........................................................................ [ 21%]
........................................................................ [ 23%]
........................................................................ [ 24%]
........................................................................ [ 26%]
........................................................................ [ 27%]
........................................................................ [ 29%]
........................................................................ [ 30%]
........................................................................ [ 32%]
........................................................................ [ 33%]
........................................................................ [ 35%]
........................................................................ [ 36%]
........................................................................ [ 38%]
........................................................................ [ 39%]
........................................................................ [ 41%]
....................................................ss.ssssssssssssssss. [ 43%]
........................................................................ [ 44%]
........................................................................ [ 46%]
........................................................................ [ 47%]
........................................................................ [ 49%]
........................................................................ [ 50%]
........................................................................ [ 52%]
........................................................................ [ 53%]
........................................................................ [ 55%]
........................................................................ [ 56%]
........................................................................ [ 58%]
........................................................................ [ 59%]
........................................................................ [ 61%]
..................................ssssssssssssss...sss.s.ssssssssssss... [ 63%]
........................................................................ [ 64%]
........................................................................ [ 66%]
........................................................................ [ 67%]
........................................................................ [ 69%]
........................................................................ [ 70%]
........................................................................ [ 72%]
........................................................................ [ 73%]
........................................................................ [ 75%]
........................................................................ [ 76%]
........................................................................ [ 78%]
........................................................................ [ 79%]
........................................................................ [ 81%]
........................................................................ [ 83%]
........................................................................ [ 84%]
.........................sss............................................ [ 86%]
........................................................................ [ 87%]
........................................................................ [ 89%]
........................................................................ [ 90%]
.........................................ssssssss....................... [ 92%]
...................................ssss................................. [ 93%]
........................................................................ [ 95%]
........................................................................ [ 96%]
........................................................................ [ 98%]
........................................................................ [ 99%]
...                                                                      [100%]
============================== warnings summary ===============================
tests/application/test_board_hierarchy_integrity.py::test_get_board_hierarchy_auto_fix_executes_reconciliation
  C:\Users\jonmc\miniconda3\Lib\site-packages\_pytest\monkeypatch.py:79: DeprecationWarning: `orket.domain` is deprecated; import from `orket.core.domain` instead.
    __import__(used)

tests/application/test_extension_runtime_service.py::test_extension_runtime_service_list_models_and_override_generation
  <string>:8: RuntimeWarning: GenerateRequest.max_tokens below 256 can truncate governed outputs.

-- Docs: https://docs.pytest.org/en/stable/how-to/capture-warnings.html
4609 passed, 74 skipped, 2 warnings in 488.38s (0:08:08)
