ASYNC110 Use `asyncio.Event` instead of awaiting `asyncio.sleep` in a `while` loop
  --> tests\integration\test_api_websocket_disconnect.py:34:17
   |
32 |                   assert runtime.active_request_count == 1
33 |               async with asyncio.timeout(3):
34 | /                 while runtime.active_request_count:
35 | |                     await asyncio.sleep(0.01)
   | |_____________________________________________^
36 |           except BaseException:
37 |               # Failure cleanup only: pre-fix idle requests otherwise also hang server exit.
   |

I001 [*] Import block is un-sorted or un-formatted
  --> tests\integration\test_turn_response_parser_admission.py:2:1
   |
 1 |   """Layer: integration. Public response admission with real parser artifacts."""
 2 | / from __future__ import annotations
 3 | |
 4 | | import asyncio
 5 | | import json
 6 | | from datetime import UTC, datetime
 7 | |
 8 | | import pytest
 9 | |
10 | | from orket.application.workflows.turn_response_capture import capture_turn_response
11 | | from orket.application.workflows.turn_response_parser import ResponseParser
12 | | from orket.application.workflows.turn_contract_validator import ContractValidator
13 | | from tests.integration.test_turn_parser_publication_ownership import _destination, _paths
   | |_________________________________________________________________________________________^
14 |
15 |   pytestmark = [pytest.mark.integration, pytest.mark.asyncio]
   |
help: Organize imports
   |
9  |
10 + from orket.application.workflows.turn_contract_validator import ContractValidator
11 | from orket.application.workflows.turn_response_capture import capture_turn_response
12 | from orket.application.workflows.turn_response_parser import ResponseParser
   - from orket.application.workflows.turn_contract_validator import ContractValidator
13 | from tests.integration.test_turn_parser_publication_ownership import _destination, _paths
   |

Found 2 errors.
[*] 1 fixable with the `--fix` option.
