
[FIRST RUN] Orket EOS Orkestrated.
  Recommendation: Use the canonical card entrypoint for initialization to optimize your models.
  Command: orket runtime --card initialize_orket

============================================================
 ORKET EOS MANIFEST (Dept: core)
 Hardware: 24 Cores | 63.8GB RAM | 24.0GB VRAM
============================================================

[LOCAL ENGINES]
  > Coder: None found
  > Arch:  None found

[ROCKS & ACCOUNTABILITY]
  - ROCK: Run the Business
    * CORE         | Epic: prr_startup          | Members: 

[COMMAND SUGGESTION]
  orket runtime --card run_the_business --department core
============================================================


============================================================
 ORKET DRIVER (Interactive)
============================================================
Driver> 