Processing C:\Source\Orket\.tmp\post-release-reliability\final-packages-r02\artifacts\orket_extension_sdk-0.7.2-py3-none-any.whl
Collecting jsonschema<5.0.0,>=4.20.0 (from orket-extension-sdk==0.7.2)
  Using cached jsonschema-4.26.0-py3-none-any.whl.metadata (7.6 kB)
Collecting pydantic<3.0.0,>=2.5.0 (from orket-extension-sdk==0.7.2)
  Using cached pydantic-2.13.5-py3-none-any.whl.metadata (110 kB)
Collecting PyYAML<7.0.0,>=6.0.0 (from orket-extension-sdk==0.7.2)
  Using cached pyyaml-6.0.3-cp311-cp311-win_amd64.whl.metadata (2.4 kB)
Collecting attrs>=22.2.0 (from jsonschema<5.0.0,>=4.20.0->orket-extension-sdk==0.7.2)
  Using cached attrs-26.1.0-py3-none-any.whl.metadata (8.8 kB)
Collecting jsonschema-specifications>=2023.03.6 (from jsonschema<5.0.0,>=4.20.0->orket-extension-sdk==0.7.2)
  Using cached jsonschema_specifications-2025.9.1-py3-none-any.whl.metadata (2.9 kB)
Collecting referencing>=0.28.4 (from jsonschema<5.0.0,>=4.20.0->orket-extension-sdk==0.7.2)
  Using cached referencing-0.37.0-py3-none-any.whl.metadata (2.8 kB)
Collecting rpds-py>=0.25.0 (from jsonschema<5.0.0,>=4.20.0->orket-extension-sdk==0.7.2)
  Using cached rpds_py-2026.6.3-cp311-cp311-win_amd64.whl.metadata (4.2 kB)
Collecting annotated-types>=0.6.0 (from pydantic<3.0.0,>=2.5.0->orket-extension-sdk==0.7.2)
  Using cached annotated_types-0.8.0-py3-none-any.whl.metadata (15 kB)
Collecting pydantic-core==2.46.5 (from pydantic<3.0.0,>=2.5.0->orket-extension-sdk==0.7.2)
  Using cached pydantic_core-2.46.5-cp311-cp311-win_amd64.whl.metadata (6.7 kB)
Collecting typing-extensions>=4.14.1 (from pydantic<3.0.0,>=2.5.0->orket-extension-sdk==0.7.2)
  Using cached typing_extensions-4.16.0-py3-none-any.whl.metadata (3.3 kB)
Collecting typing-inspection>=0.4.2 (from pydantic<3.0.0,>=2.5.0->orket-extension-sdk==0.7.2)
  Using cached typing_inspection-0.4.4-py3-none-any.whl.metadata (2.6 kB)
Using cached jsonschema-4.26.0-py3-none-any.whl (90 kB)
Using cached pydantic-2.13.5-py3-none-any.whl (472 kB)
Using cached pydantic_core-2.46.5-cp311-cp311-win_amd64.whl (2.0 MB)
Using cached pyyaml-6.0.3-cp311-cp311-win_amd64.whl (158 kB)
Using cached annotated_types-0.8.0-py3-none-any.whl (13 kB)
Using cached attrs-26.1.0-py3-none-any.whl (67 kB)
Using cached jsonschema_specifications-2025.9.1-py3-none-any.whl (18 kB)
Using cached referencing-0.37.0-py3-none-any.whl (26 kB)
Using cached rpds_py-2026.6.3-cp311-cp311-win_amd64.whl (223 kB)
Using cached typing_extensions-4.16.0-py3-none-any.whl (45 kB)
Using cached typing_inspection-0.4.4-py3-none-any.whl (14 kB)
Installing collected packages: typing-extensions, rpds-py, PyYAML, attrs, annotated-types, typing-inspection, referencing, pydantic-core, pydantic, jsonschema-specifications, jsonschema, orket-extension-sdk

Successfully installed PyYAML-6.0.3 annotated-types-0.8.0 attrs-26.1.0 jsonschema-4.26.0 jsonschema-specifications-2025.9.1 orket-extension-sdk-0.7.2 pydantic-2.13.5 pydantic-core-2.46.5 referencing-0.37.0 rpds-py-2026.6.3 typing-extensions-4.16.0 typing-inspection-0.4.4
