.ssssssssss.s........................................................... [  1%]
........................................................................ [  3%]
........................................................................ [  4%]
........................................................................ [  6%]
........................................................................ [  7%]
........................................................................ [  9%]
........................................................................ [ 10%]
........................................................................ [ 12%]
........................................................................ [ 14%]
........................................................................ [ 15%]
........................................................................ [ 17%]
........................................................................ [ 18%]
........................................................................ [ 20%]
........................................................................ [ 21%]
........................................................................ [ 23%]
........................................................................ [ 24%]
........................................................................ [ 26%]
........................................................................ [ 28%]
........................................................................ [ 29%]
........................................................................ [ 31%]
........................................................................ [ 32%]
........................................................................ [ 34%]
........................................................................ [ 35%]
........................................................................ [ 37%]
........................................................................ [ 38%]
........................................................................ [ 40%]
........................................................................ [ 42%]
..............................ss.ssssssssss............................. [ 43%]
........................................................................ [ 45%]
........................................................................ [ 46%]
........................................................................ [ 48%]
........................................................................ [ 49%]
........................................................................ [ 51%]
........................................................................ [ 52%]
........................................................................ [ 54%]
........................................................................ [ 56%]
........................................................................ [ 57%]
........................................................................ [ 59%]
........................................................................ [ 60%]
........................................................................ [ 62%]
.....ssssssssss...sss.s.ssssssssssss.................................... [ 63%]
........................................................................ [ 65%]
........................................................................ [ 66%]
........................................................................ [ 68%]
........................................................................ [ 70%]
........................................................................ [ 71%]
........................................................................ [ 73%]
........................................................................ [ 74%]
........................................................................ [ 76%]
........................................................................ [ 77%]
........................................................................ [ 79%]
........................................................................ [ 80%]
........................................................................ [ 82%]
........................................................................ [ 84%]
................................................sss..................... [ 85%]
........................................................................ [ 87%]
........................................................................ [ 88%]
........................................................................ [ 90%]
.......................................................ssssssss......... [ 91%]
.................................................ssss................... [ 93%]
........................................................................ [ 94%]
........................................................................ [ 96%]
........................................................................ [ 98%]
........................................................................ [ 99%]
.................                                                        [100%]
============================== warnings summary ===============================
tests/application/test_board_hierarchy_integrity.py::test_get_board_hierarchy_auto_fix_executes_reconciliation
  C:\Users\jonmc\miniconda3\Lib\site-packages\_pytest\monkeypatch.py:79: DeprecationWarning: `orket.domain` is deprecated; import from `orket.core.domain` instead.
    __import__(used)

tests/application/test_extension_runtime_service.py::test_extension_runtime_service_list_models_and_override_generation
  <string>:8: RuntimeWarning: GenerateRequest.max_tokens below 256 can truncate governed outputs.

-- Docs: https://docs.pytest.org/en/stable/how-to/capture-warnings.html
4561 passed, 64 skipped, 2 warnings in 481.02s (0:08:01)
